| A.java:42:14:42:20 | taint(...) | A.java:43:10:43:19 | getS1(...) |
| A.java:45:14:45:20 | taint(...) | A.java:46:10:46:19 | getS2(...) |
| A.java:48:17:48:23 | taint(...) | A.java:50:10:50:13 | b3.s |
| A.java:52:21:52:27 | taint(...) | A.java:53:10:53:19 | getS1(...) |
| A.java:55:24:55:30 | taint(...) | A.java:57:10:57:19 | getS2(...) |
