| EntityFramework.cs:12:20:12:21 | Id |
| EntityFramework.cs:13:23:13:26 | Name |
| EntityFrameworkCore.cs:11:20:11:21 | Id |
| EntityFrameworkCore.cs:12:23:12:26 | Name |
